// Jest Snapshot v1, https://goo.gl/fbAQLP

exports[`show error 1`] = `
<div
  className={undefined}
>
  <label
    htmlFor="registration-form-email"
    style={
      Object {
        "display": "block",
      }
    }
  >
    Email
     
    <span
      style={
        Object {
          "color": "red",
        }
      }
    >
       *
    </span>
  </label>
  <input
    className="inputError"
    id="registration-form-email"
    name="email"
    onChange={[Function]}
    placeholder={undefined}
    type="text"
    value="email"
  />
  <div
    className={undefined}
  >
    error
  </div>
</div>
`;
